UnexpectedIndent: 2:1--2:3
UnexpectedIndent: 3:1--3:6
TrailingWhitespace: 7:5--7:7
UnexpectedExponent: 8:1--8:6
IllegalBytesOrChars: 27:8--27:11 "end"
InsufficientIndentation: 38:1--38:2
LeadingWhitespace: 40:3--40:6
TooManyDots: 48:1--48:5
TooManyColons: 48:6--48:10
Symbol 2:3--2:12 "badIndent"
Symbol 3:6--3:19 "moreBadIndent"
IntegerLiteral 5:1--5:2 (IntLit {signI = Positive, magI = 1})
Nextline 6:1--6:1
IntegerLiteral 6:1--6:3 (IntLit {signI = Negative, magI = 4})
Whitespace 6:3--6:4 " "
IntegerLiteral 6:4--6:6 (IntLit {signI = Positive, magI = 3})
Nextline 7:1--7:1
FloatingLiteral 7:1--7:5 (FloLit {signF = Positive, magF = 102, expF = (Base10,-2)})
Nextline 8:1--8:1
FloatingLiteral 8:1--8:6 (FloLit {signF = Positive, magF = 1, expF = (Base2,8)})
Nextline 9:1--9:1
FloatingLiteral 9:1--9:6 (FloLit {signF = Positive, magF = 10, expF = (Base16,-1)})
Nextline 10:1--10:1
FloatingLiteral 10:1--10:7 (FloLit {signF = Positive, magF = 420, expF = (Base10,4)})
Nextline 11:1--11:1
FloatingLiteral 11:1--11:8 (FloLit {signF = Positive, magF = 420, expF = (Base10,4)})
Nextline 12:1--12:1
FloatingLiteral 12:1--12:8 (FloLit {signF = Positive, magF = 420, expF = (Base10,-8)})
Nextline 13:1--13:1
FloatingLiteral 13:1--13:10 (FloLit {signF = Negative, magF = 16, expF = (Base16,-1)})
Nextline 15:1--15:1
FloatingLiteral 15:1--15:9 (FloLit {signF = Negative, magF = 4321, expF = (Base16,-3)})
Nextline 16:1--16:1
FloatingLiteral 16:1--16:7 (FloLit {signF = Negative, magF = 2, expF = (Base2,-1)})
Symbol 16:7--16:9 "e1"
Nextline 18:1--18:1
StringLiteral 18:1--18:16 (StrLit {strTy = StrLiteral, strContent = "wouldn't've"})
Nextline 19:1--19:1
StringLiteral 19:1--19:16 (StrLit {strTy = StrLiteral, strContent = "Hello, world!"})
Nextline 20:1--20:1
StringLiteral 20:1--20:10 (StrLit {strTy = OpenTemplate, strContent = "Hello, "})
Symbol 20:10--20:14 "name"
StringLiteral 20:14--20:17 (StrLit {strTy = CloseTemplate, strContent = "!"})
Nextline 21:1--21:1
StringLiteral 21:1--21:3 (StrLit {strTy = OpenTemplate, strContent = ""})
Symbol 21:3--21:11 "greeting"
StringLiteral 21:11--21:15 (StrLit {strTy = MidTemplate, strContent = ", "})
Symbol 21:15--21:19 "name"
StringLiteral 21:19--21:22 (StrLit {strTy = CloseTemplate, strContent = "!"})
Nextline 23:1--23:1
MultilineLiteral 23:1--27:7 [24:1--24:5 "asdf",25:1--25:9 "  qwerty",26:1--26:1 ""]
Nextline 29:1--29:1
Symbol 29:1--29:4 "def"
Whitespace 29:4--29:5 " "
Symbol 29:5--29:8 "foo"
Punctuation 29:8--29:9 (Open Round)
Punctuation 29:9--29:10 (Close Round)
Punctuation 29:10--29:11 Colon
Indent 30:1--30:3
Symbol 30:3--30:7 "pass"
Indent 31:1--31:5
Symbol 31:5--31:10 "print"
Whitespace 31:10--31:11 " "
MultilineLiteral 31:11--34:8 [32:5--32:10 "hello",33:5--33:12 "  world"]
Dedent 36:1--36:1
Dedent 36:1--36:1
Nextline 36:1--36:1
Symbol 36:1--36:10 "something"
Indent 37:1--37:3
MultilineLiteral 37:3--38:14 []
Nextline 39:1--39:3
MultilineLiteral 39:3--40:19 []
Dedent 42:1--42:1
Nextline 42:1--42:1
Symbol 42:1--42:2 "g"
Whitespace 42:2--42:3 " "
Punctuation 42:3--42:4 Dot
Whitespace 42:4--42:5 " "
Symbol 42:5--42:6 "f"
Nextline 43:1--43:1
Symbol 43:1--43:2 "g"
Whitespace 43:2--43:3 " "
Punctuation 43:3--43:5 Dots2
Whitespace 43:5--43:6 " "
Symbol 43:6--43:7 "f"
Nextline 44:1--44:1
Symbol 44:1--44:2 "g"
Whitespace 44:2--44:3 " "
Punctuation 44:3--44:6 Dots3
Whitespace 44:6--44:7 " "
Symbol 44:7--44:8 "f"
Nextline 45:1--45:1
Symbol 45:1--45:2 "f"
Punctuation 45:2--45:3 Colon
Whitespace 45:3--45:4 " "
Symbol 45:4--45:5 "g"
Nextline 46:1--46:1
Symbol 46:1--46:2 "f"
Whitespace 46:2--46:3 " "
Punctuation 46:3--46:5 Colons2
Whitespace 46:5--46:6 " "
Symbol 46:6--46:10 "Type"
Nextline 47:1--47:1
Punctuation 47:1--47:4 Colons3
Whitespace 47:4--47:5 " "
Symbol 47:5--47:11 "triple"
Nextline 48:1--48:1
Punctuation 48:1--48:5 Dots3
Whitespace 48:5--48:6 " "
Punctuation 48:6--48:10 Colons3
