UnexpectedIndent: 2:1--2:3
UnexpectedIndent: 3:1--3:6
CrammedTokens: 3:6--3:6
CrammedTokens: 5:1--5:1
TrailingWhitespace: 7:5--7:7
UnexpectedExponent: 8:1--8:6
CrammedTokens: 16:7--16:7
IllegalBytesOrChars: 27:8--27:11 "end"
BareIndent: 31:1--31:5
InsufficientIndentation: 38:1--38:2
LeadingWhitespace: 40:3--40:6
TooManyDots: 48:1--48:5
TooManyColons: 48:6--48:10
Atom 2:3--2:12 (Symbol "badIndent")
Atom 3:6--3:19 (Symbol "moreBadIndent")
Atom 5:1--5:2 (IntegerLiteral (IntLit {signI = Positive, magI = 1}))
Nextline 6:1--6:1
Atom 6:1--6:3 (IntegerLiteral (IntLit {signI = Negative, magI = 4}))
Atom 6:4--6:6 (IntegerLiteral (IntLit {signI = Positive, magI = 3}))
Nextline 7:1--7:1
Atom 7:1--7:5 (FloatingLiteral (FloLit {signF = Positive, magF = 102, expF = (Base10,-2)}))
Nextline 8:1--8:1
Atom 8:1--8:6 (FloatingLiteral (FloLit {signF = Positive, magF = 1, expF = (Base2,8)}))
Nextline 9:1--9:1
Atom 9:1--9:6 (FloatingLiteral (FloLit {signF = Positive, magF = 10, expF = (Base16,-1)}))
Nextline 10:1--10:1
Atom 10:1--10:7 (FloatingLiteral (FloLit {signF = Positive, magF = 420, expF = (Base10,4)}))
Nextline 11:1--11:1
Atom 11:1--11:8 (FloatingLiteral (FloLit {signF = Positive, magF = 420, expF = (Base10,4)}))
Nextline 12:1--12:1
Atom 12:1--12:8 (FloatingLiteral (FloLit {signF = Positive, magF = 420, expF = (Base10,-8)}))
Nextline 13:1--13:1
Atom 13:1--13:10 (FloatingLiteral (FloLit {signF = Negative, magF = 16, expF = (Base16,-1)}))
Nextline 15:1--15:1
Atom 15:1--15:9 (FloatingLiteral (FloLit {signF = Negative, magF = 4321, expF = (Base16,-3)}))
Nextline 16:1--16:1
Atom 16:1--16:7 (FloatingLiteral (FloLit {signF = Negative, magF = 2, expF = (Base2,-1)}))
Atom 16:7--16:9 (Symbol "e1")
Nextline 18:1--18:1
Atom 18:1--18:16 (StringLiteral "wouldn't've")
Nextline 19:1--19:1
Atom 19:1--19:16 (StringLiteral "Hello, world!")
Nextline 20:1--20:1
StringTemplate 20:1--20:10 OpenTemplate "Hello, "
Atom 20:10--20:14 (Symbol "name")
StringTemplate 20:14--20:17 CloseTemplate "!"
Nextline 21:1--21:1
StringTemplate 21:1--21:3 OpenTemplate ""
Atom 21:3--21:11 (Symbol "greeting")
StringTemplate 21:11--21:15 MidTemplate ", "
Atom 21:15--21:19 (Symbol "name")
StringTemplate 21:19--21:22 CloseTemplate "!"
Nextline 23:1--23:1
Atom 23:1--27:7 (MultilineLiteral [24:1--24:5 "asdf",25:1--25:9 "  qwerty",26:1--26:1 ""])
Nextline 29:1--29:1
Atom 29:1--29:4 (Symbol "def")
Atom 29:5--29:8 (Symbol "foo")
Punctuation 29:8--29:8 Chain
Punctuation 29:8--29:9 (Open Round)
Punctuation 29:9--29:10 (Close Round)
Punctuation 29:10--29:11 StartBlock
Indent 30:1--30:3
Atom 30:3--30:7 (Symbol "pass")
Indent 31:1--31:5
Atom 31:5--31:10 (Symbol "print")
Atom 31:11--34:8 (MultilineLiteral [32:5--32:10 "hello",33:5--33:12 "  world"])
Dedent 36:1--36:1
Dedent 36:1--36:1
Nextline 36:1--36:1
Atom 36:1--36:10 (Symbol "something")
Punctuation 36:11--36:12 ContinueLine
Indent 37:1--37:3
Atom 37:3--38:14 (MultilineLiteral [])
Nextline 39:1--39:3
Atom 39:3--40:19 (MultilineLiteral [])
Dedent 42:1--42:1
Nextline 42:1--42:1
Atom 42:1--42:2 (Symbol "g")
Atom 42:3--42:4 (Symbol ".")
Atom 42:5--42:6 (Symbol "f")
Nextline 43:1--43:1
Atom 43:1--43:2 (Symbol "g")
Atom 43:3--43:5 (Symbol "..")
Atom 43:6--43:7 (Symbol "f")
Nextline 44:1--44:1
Atom 44:1--44:2 (Symbol "g")
Atom 44:3--44:6 (Symbol "...")
Atom 44:7--44:8 (Symbol "f")
Nextline 45:1--45:1
Atom 45:1--45:2 (Symbol "f")
Punctuation 45:2--45:3 Pair
Atom 45:4--45:5 (Symbol "g")
Nextline 46:1--46:1
Atom 46:1--46:2 (Symbol "f")
Atom 46:3--46:5 (Symbol "::")
Atom 46:6--46:10 (Symbol "Type")
Nextline 47:1--47:1
Atom 47:1--47:4 (Symbol ":::")
Atom 47:5--47:11 (Symbol "triple")
Nextline 48:1--48:1
Atom 48:1--48:5 (Symbol "...")
Atom 48:6--48:10 (Symbol ":::")
