Comment 1:1--1:28 "# a comment (and a newline)"
Newline 1:28--2:1
Whitespace 2:1--2:4 "   "
Comment 2:4--2:23 "# linear whitespace"
Newline 2:23--3:1
Whitespace 3:1--3:4 "\t  "
Comment 3:4--3:15 "# mixed lws"
Newline 3:15--4:1
Newline 4:1--5:1
Punctuation 5:1--5:2 Comma
Punctuation 5:2--5:3 Dot
Punctuation 5:3--5:4 Colon
Punctuation 5:4--5:5 Semicolon
Punctuation 5:5--5:6 Backslash
Whitespace 5:6--5:7 " "
Comment 5:7--5:35 "# all the simple punctuation"
Newline 5:35--6:1
Punctuation 6:1--6:2 (Open Round)
Punctuation 6:2--6:3 (Close Round)
Punctuation 6:3--6:4 (Open Square)
Punctuation 6:4--6:5 (Close Square)
Punctuation 6:5--6:6 (Open Curly)
Punctuation 6:6--6:7 (Close Curly)
Whitespace 6:7--6:8 " "
Comment 6:8--6:39 "# all the enclosing punctuation"
Newline 6:39--7:1
Newline 7:1--8:1
Symbol 8:1--8:2 "a"
Whitespace 8:2--8:3 " "
Comment 8:3--8:29 "# single letter identifier"
Newline 8:29--9:1
Symbol 9:1--9:6 "hello"
Whitespace 9:6--9:7 " "
Comment 9:7--9:26 "# longer identifier"
Newline 9:26--10:1
Symbol 10:1--10:4 "<$>"
Whitespace 10:4--10:5 " "
Comment 10:5--10:34 "# operator-looking identifier"
Newline 10:34--11:1
Symbol 11:1--11:4 "lt?"
Whitespace 11:4--11:5 " "
Comment 11:5--11:23 "# mixed identifier"
Newline 11:23--12:1
Symbol 12:1--12:20 "a0!$%&*+-/<=>?@^_|~"
Whitespace 12:20--12:21 " "
Comment 12:21--12:60 "# an identifier with all the characters"
Newline 12:60--13:1
Symbol 13:1--13:2 "+"
Whitespace 13:2--13:3 " "
Symbol 13:3--13:5 "++"
Whitespace 13:5--13:6 " "
Symbol 13:6--13:7 "-"
Whitespace 13:7--13:8 " "
Symbol 13:8--13:10 "->"
Whitespace 13:10--13:11 " "
Comment 13:11--13:55 "# identifiers that start with plus and minus"
Newline 13:55--14:1
Newline 14:1--15:1
Quote 15:1--15:2 DblQuote
Quote 15:2--15:3 DblQuote
Whitespace 15:3--15:4 " "
Quote 15:4--15:5 Backtick
Quote 15:5--15:6 Backtick
Whitespace 15:6--15:7 " "
Quote 15:7--15:8 Backtick
Quote 15:8--15:9 DblQuote
Whitespace 15:9--15:10 " "
Quote 15:10--15:11 DblQuote
Quote 15:11--15:12 Backtick
Whitespace 15:12--15:13 " "
Comment 15:13--15:28 "# empty strings"
Newline 15:28--16:1
Quote 16:1--16:2 DblQuote
StdStr 16:2--16:13 "hello world"
Quote 16:13--16:14 DblQuote
Whitespace 16:14--16:15 " "
Comment 16:15--16:29 "# basic string"
Newline 16:29--17:1
Quote 17:1--17:2 DblQuote
StdStr 17:2--17:8 "hello "
Quote 17:8--17:9 Backtick
Symbol 17:9--17:13 "name"
Quote 17:13--17:14 Backtick
Quote 17:14--17:15 DblQuote
Whitespace 17:15--17:16 " "
Comment 17:16--17:33 "# template string"
Newline 17:33--18:1
Quote 18:1--18:2 DblQuote
StdStr 18:2--18:24 " # unterminated string"
Newline 18:24--19:1
Quote 19:1--19:2 DblQuote
StrEscape 19:2--19:4 "\NUL"
StrEscape 19:4--19:6 "\a"
StrEscape 19:6--19:8 "\b"
StrEscape 19:8--19:10 "\ESC"
StrEscape 19:10--19:12 "\f"
StrEscape 19:12--19:14 "\n"
StrEscape 19:14--19:16 "\r"
StrEscape 19:16--19:18 "\t"
StrEscape 19:18--19:20 "\v"
StrEscape 19:20--19:22 "'"
StrEscape 19:22--19:24 "\""
StrEscape 19:24--19:26 "`"
StrEscape 19:26--19:28 "\\"
StrEscape 19:28--19:30 ""
Quote 19:30--19:31 DblQuote
Whitespace 19:31--19:32 " "
Comment 19:32--19:47 "# basic escapes"
Newline 19:47--20:1
Quote 20:1--20:2 DblQuote
StrEscape 20:2--20:6 "\SUB"
StdStr 20:6--20:8 "aa"
StrEscape 20:8--20:14 "\57005"
StrEscape 20:14--20:16 ""
StdStr 20:16--20:20 "beef"
Quote 20:20--20:21 DblQuote
Whitespace 20:21--20:22 " "
Comment 20:22--20:41 "# codepoint escapes"
Newline 20:41--21:1
Newline 21:1--22:1
Quote 22:1--22:2 SqlQuote
Quote 22:2--22:3 SqlQuote
Whitespace 22:3--22:4 " "
Comment 22:4--22:19 "# empty sql str"
Newline 22:19--23:1
Quote 23:1--23:2 SqlQuote
StdStr 23:2--23:13 "\\\\\\([a-z]\\)"
Quote 23:13--23:14 SqlQuote
Whitespace 23:14--23:15 " "
Comment 23:15--23:30 "# basic sql str"
Newline 23:30--24:1
Quote 24:1--24:2 SqlQuote
StrEscape 24:2--24:4 "'"
Quote 24:4--24:5 SqlQuote
Whitespace 24:5--24:6 " "
Comment 24:6--24:42 "# sql string with only an apostrophe"
Newline 24:42--25:1
Quote 25:1--25:2 SqlQuote
StdStr 25:2--25:8 "Wouldn"
StrEscape 25:8--25:10 "'"
StdStr 25:10--25:11 "t"
StrEscape 25:11--25:13 "'"
StdStr 25:13--25:15 "ve"
Quote 25:15--25:16 SqlQuote
Whitespace 25:16--25:17 " "
Comment 25:17--25:41 "# sql double contraction"
Newline 25:41--26:1
Newline 26:1--27:1
Comment 27:1--27:27 "### multi-line strings ###"
Newline 27:27--28:1
Newline 28:1--29:1
Comment 29:1--29:8 "# empty"
Newline 29:8--30:1
Quote 30:1--30:4 (MlQuote "\"\"\"")
Newline 30:4--31:1
Quote 31:1--31:4 (MlQuote "\"\"\"")
Newline 31:4--32:1
Comment 32:1--32:25 "# empty with odd indents"
Newline 32:25--33:1
Whitespace 33:1--33:3 "  "
Quote 33:3--33:6 (MlQuote "\"\"\"")
Newline 33:6--34:1
Whitespace 34:1--34:2 " "
Quote 34:2--34:5 (MlQuote "\"\"\"")
Newline 34:5--35:1
Comment 35:1--35:18 "# with blank line"
Newline 35:18--36:1
Quote 36:1--36:4 (MlQuote "\"\"\"")
Newline 36:4--37:1
Whitespace 37:1--37:5 "   \t"
Newline 37:5--38:1
Quote 38:1--38:4 (MlQuote "\"\"\"")
Newline 38:4--39:1
Newline 39:1--40:1
Comment 40:1--40:11 "# with sql"
Newline 40:11--41:1
Quote 41:1--41:4 (MlQuote "\"\"\"")
Newline 41:4--42:1
StdStr 42:1--42:9 "SELECT *"
Newline 42:9--43:1
StdStr 43:1--43:16 "FROM some_table"
Newline 43:16--44:1
Whitespace 44:1--44:3 "  "
StdStr 44:3--44:19 "JOIN other_table"
Newline 44:19--45:1
StdStr 45:1--45:24 "WHERE some_col <= 65536"
Newline 45:24--46:1
Quote 46:1--46:4 (MlQuote "\"\"\"")
Newline 46:4--47:1
Newline 47:1--48:1
Comment 48:1--48:14 "# long quotes"
Newline 48:14--49:1
Quote 49:1--49:6 (MlQuote "\"\"\"\"\"")
Newline 49:6--50:1
StdStr 50:1--50:17 "# some more code"
Newline 50:17--51:1
StdStr 51:1--51:4 "\"\"\""
Newline 51:4--52:1
StdStr 52:1--52:29 "including a nested ml string"
Newline 52:29--53:1
StdStr 53:1--53:4 "\"\"\""
Newline 53:4--54:1
Quote 54:1--54:6 (MlQuote "\"\"\"\"\"")
Newline 54:6--55:1
Newline 55:1--56:1
Comment 56:1--56:15 "# named quotes"
Newline 56:15--57:1
Quote 57:1--57:7 (MlQuote "\"\"\"END")
Newline 57:7--58:1
StdStr 58:1--58:17 "# some more code"
Newline 58:17--59:1
StdStr 59:1--59:4 "\"\"\""
Newline 59:4--60:1
StdStr 60:1--60:29 "including a nested ml string"
Newline 60:29--61:1
StdStr 61:1--61:4 "\"\"\""
Newline 61:4--62:1
Whitespace 62:1--62:3 "  "
Quote 62:3--62:9 (MlQuote "\"\"\"END")
Newline 62:9--63:1
Newline 63:1--64:1
